
> hackaton-project@0.0.0 build
> ng build

node.exe : Node packages may not be installed. Try installing with 'npm install'.
En línea: 1 Carácter: 1
+ & "C:\Program Files\nodejs/node.exe" "C:\Program Files\nodejs/node_mo ...
+ ~~~~~~~~~~~~~~~~~~~~~~~~~~~~~~~~~~~~~~~~~~~~~~~~~~~~~~~~~~~~~~~~~~~~~
    + CategoryInfo          : NotSpecified: (Node packages m... 'npm install'.:String) [], RemoteException
    + FullyQualifiedErrorId : NativeCommandError
 
Error: Could not find the '@angular-devkit/build-angular:application' builder's node package.
